// Jest Snapshot v1, https://goo.gl/fbAQLP

exports[`normal 1`] = `
Object {
  "/admin": Object {
    "access": "canAdmin",
    "children": Array [
      Object {
        "access": "canAdmin",
        "children": undefined,
        "exact": true,
        "key": "/admin/sub-page",
        "locale": "menu.admin.sub-page",
        "name": "二级管理页",
        "parentKeys": Array [
          "/undefined",
          "/admin",
        ],
        "path": "/admin/sub-page",
        "routes": null,
        "unaccessible": false,
      },
    ],
    "key": "/admin",
    "locale": "menu.admin",
    "name": "管理页",
    "parentKeys": Array [
      "/undefined",
    ],
    "path": "/admin",
    "routes": null,
  },
  "/admin/sub-page": Object {
    "access": "canAdmin",
    "children": undefined,
    "exact": true,
    "key": "/admin/sub-page",
    "locale": "menu.admin.sub-page",
    "name": "二级管理页",
    "parentKeys": Array [
      "/undefined",
      "/admin",
    ],
    "path": "/admin/sub-page",
    "routes": null,
    "unaccessible": false,
  },
  "/list": Object {
    "children": undefined,
    "exact": true,
    "key": "/list",
    "locale": "menu.list.table-list",
    "name": "查询表格",
    "parentKeys": Array [
      "/undefined",
    ],
    "path": "/list",
    "routes": null,
    "unaccessible": false,
  },
  "/list/:id": Object {
    "children": undefined,
    "exact": true,
    "key": "/list/:id",
    "locale": "menu.list.table.result",
    "name": "数据详情",
    "parentKeys": Array [
      "/undefined",
    ],
    "path": "/list/:id",
    "routes": null,
    "unaccessible": false,
  },
  "/welcome": Object {
    "children": undefined,
    "exact": true,
    "key": "/welcome",
    "locale": "menu.welcome",
    "name": "欢迎",
    "parentKeys": Array [
      "/undefined",
    ],
    "path": "/welcome",
    "routes": null,
    "unaccessible": false,
  },
}
`;
